┏━━━━┳━━━━━━━━━━━┳━━━━━━━━━━━━━━━━━━━━━━━━━━┳━━━━━━━━┳━━━━━━━━━━━━━━━━━━━━━━━━━━┳━━━━━━━━━━━━━━━━━━━━━━━━━━┓
┃    ┃ Name      ┃ Type                     ┃ Params ┃                 In sizes ┃                Out sizes ┃
┡━━━━╇━━━━━━━━━━━╇━━━━━━━━━━━━━━━━━━━━━━━━━━╇━━━━━━━━╇━━━━━━━━━━━━━━━━━━━━━━━━━━╇━━━━━━━━━━━━━━━━━━━━━━━━━━┩
│ 0  │ val_cer   │ _CharErrorRate           │      0 │                        ? │                        ? │
│ 1  │ val_wer   │ _WordErrorRate           │      0 │                        ? │                        ? │
│ 2  │ net       │ MultiParamSequential     │  4.1 M │  [[1, 1, 120, 400], '?'] │   [[1, 166, 1, 50], '?'] │
│ 3  │ net.C_0   │ ActConv2D                │  1.3 K │  [[1, 1, 120, 400], '?'] │ [[1, 32, 120, 400], '?'] │
│ 4  │ net.Do_1  │ Dropout                  │      0 │ [[1, 32, 120, 400], '?'] │ [[1, 32, 120, 400], '?'] │
│ 5  │ net.Mp_2  │ MaxPool                  │      0 │ [[1, 32, 120, 400], '?'] │  [[1, 32, 60, 200], '?'] │
│ 6  │ net.C_3   │ ActConv2D                │ 40.0 K │  [[1, 32, 60, 200], '?'] │  [[1, 32, 60, 200], '?'] │
│ 7  │ net.Do_4  │ Dropout                  │      0 │  [[1, 32, 60, 200], '?'] │  [[1, 32, 60, 200], '?'] │
│ 8  │ net.Mp_5  │ MaxPool                  │      0 │  [[1, 32, 60, 200], '?'] │  [[1, 32, 30, 100], '?'] │
│ 9  │ net.C_6   │ ActConv2D                │ 55.4 K │  [[1, 32, 30, 100], '?'] │  [[1, 64, 30, 100], '?'] │
│ 10 │ net.Do_7  │ Dropout                  │      0 │  [[1, 64, 30, 100], '?'] │  [[1, 64, 30, 100], '?'] │
│ 11 │ net.Mp_8  │ MaxPool                  │      0 │  [[1, 64, 30, 100], '?'] │   [[1, 64, 15, 50], '?'] │
│ 12 │ net.C_9   │ ActConv2D                │  110 K │   [[1, 64, 15, 50], '?'] │   [[1, 64, 15, 50], '?'] │
│ 13 │ net.Do_10 │ Dropout                  │      0 │   [[1, 64, 15, 50], '?'] │   [[1, 64, 15, 50], '?'] │
│ 14 │ net.S_11  │ Reshape                  │      0 │   [[1, 64, 15, 50], '?'] │   [[1, 960, 1, 50], '?'] │
│ 15 │ net.L_12  │ TransposedSummarizingRNN │  1.9 M │   [[1, 960, 1, 50], '?'] │   [[1, 400, 1, 50], '?'] │
│ 16 │ net.Do_13 │ Dropout                  │      0 │   [[1, 400, 1, 50], '?'] │   [[1, 400, 1, 50], '?'] │
│ 17 │ net.L_14  │ TransposedSummarizingRNN │  963 K │   [[1, 400, 1, 50], '?'] │   [[1, 400, 1, 50], '?'] │
│ 18 │ net.Do_15 │ Dropout                  │      0 │   [[1, 400, 1, 50], '?'] │   [[1, 400, 1, 50], '?'] │
│ 19 │ net.L_16  │ TransposedSummarizingRNN │  963 K │   [[1, 400, 1, 50], '?'] │   [[1, 400, 1, 50], '?'] │
│ 20 │ net.Do_17 │ Dropout                  │      0 │   [[1, 400, 1, 50], '?'] │   [[1, 400, 1, 50], '?'] │
│ 21 │ net.O_18  │ LinSoftmax               │ 66.6 K │   [[1, 400, 1, 50], '?'] │   [[1, 166, 1, 50], '?'] │
└────┴───────────┴──────────────────────────┴────────┴──────────────────────────┴──────────────────────────┘
Trainable params: 4.1 M                                                                                                                                                                                                                                                                    
Non-trainable params: 0                                                                                                                                                                                                                                                                    
Total params: 4.1 M                                                                                                                                                                                                                                                                        
Total estimated model params size (MB): 16                                                                                                                                                                                                                                                 
stage 0/∞ ━━━━━━━━━━━━━━━━━━━━━━━━━━━━━━━━━━━━━━━━ 281/281 0:00:23 • 0:00:00 12.87it/s val_accuracy: 0.861 val_word_accuracy: 0.523  early_stopping: 0/10 0.86131
stage 1/∞ ━━━━━━━━━━━━━━━━━━━━━━━━━━━━━━━━━━━━━━━━ 281/281 0:00:22 • 0:00:00 12.82it/s val_accuracy: 0.886 val_word_accuracy: 0.567  early_stopping: 0/10 0.88584
stage 2/∞ ━━━━━━━━━━━━━━━━━━━━━━━━━━━━━━━━━━━━━━━━ 281/281 0:00:22 • 0:00:00 12.90it/s val_accuracy: 0.897 val_word_accuracy: 0.592  early_stopping: 0/10 0.89739
stage 3/∞ ━━━━━━━━━━━━━━━━━━━━━━━━━━━━━━━━━━━━━━━━ 281/281 0:00:22 • 0:00:00 13.05it/s val_accuracy: 0.906 val_word_accuracy: 0.613  early_stopping: 0/10 0.90585
stage 4/∞ ━━━━━━━━━━━━━━━━━━━━━━━━━━━━━━━━━━━━━━━━ 281/281 0:00:22 • 0:00:00 13.01it/s val_accuracy: 0.913 val_word_accuracy: 0.632  early_stopping: 0/10 0.91332
stage 5/∞ ━━━━━━━━━━━━━━━━━━━━━━━━━━━━━━━━━━━━━━━━ 281/281 0:00:22 • 0:00:00 12.74it/s val_accuracy: 0.922 val_word_accuracy: 0.66  early_stopping: 0/10 0.92178
stage 6/∞ ━━━━━━━━━━━━━━━━━━━━━━━━━━━━━━━━━━━━━━━━ 281/281 0:00:22 • 0:00:00 12.80it/s val_accuracy: 0.926 val_word_accuracy: 0.672  early_stopping: 0/10 0.92586
stage 7/∞ ━━━━━━━━━━━━━━━━━━━━━━━━━━━━━━━━━━━━━━━━ 281/281 0:00:22 • 0:00:00 13.01it/s val_accuracy: 0.931 val_word_accuracy: 0.687  early_stopping: 0/10 0.93136
stage 8/∞ ━━━━━━━━━━━━━━━━━━━━━━━━━━━━━━━━━━━━━━━━ 281/281 0:00:22 • 0:00:00 12.97it/s val_accuracy: 0.933 val_word_accuracy: 0.692  early_stopping: 0/10 0.93305
stage 9/∞ ━━━━━━━━━━━━━━━━━━━━━━━━━━━━━━━━━━━━━━━━ 281/281 0:00:22 • 0:00:00 12.85it/s val_accuracy: 0.936 val_word_accuracy: 0.704  early_stopping: 0/10 0.93559
stage 10/∞ ━━━━━━━━━━━━━━━━━━━━━━━━━━━━━━━━━━━━━━━━ 281/281 0:00:22 • 0:00:00 12.96it/s val_accuracy: 0.939 val_word_accuracy: 0.715  early_stopping: 0/10 0.93911
stage 11/∞ ━━━━━━━━━━━━━━━━━━━━━━━━━━━━━━━━━━━━━━━━ 281/281 0:00:22 • 0:00:00 12.97it/s val_accuracy: 0.942 val_word_accuracy: 0.721  early_stopping: 0/10 0.94151
stage 12/∞ ━━━━━━━━━━━━━━━━━━━━━━━━━━━━━━━━━━━━━━━━ 281/281 0:00:22 • 0:00:00 12.85it/s val_accuracy: 0.942 val_word_accuracy: 0.722  early_stopping: 0/10 0.94207
stage 13/∞ ━━━━━━━━━━━━━━━━━━━━━━━━━━━━━━━━━━━━━━━━ 281/281 0:00:22 • 0:00:00 12.75it/s val_accuracy: 0.945 val_word_accuracy: 0.738  early_stopping: 0/10 0.94489
stage 14/∞ ━━━━━━━━━━━━━━━━━━━━━━━━━━━━━━━━━━━━━━━━ 281/281 0:00:22 • 0:00:00 12.94it/s val_accuracy: 0.944 val_word_accuracy: 0.737  early_stopping: 1/10 0.94489
stage 15/∞ ━━━━━━━━━━━━━━━━━━━━━━━━━━━━━━━━━━━━━━━━ 281/281 0:00:22 • 0:00:00 12.98it/s val_accuracy: 0.946 val_word_accuracy: 0.745  early_stopping: 0/10 0.94602
stage 16/∞ ━━━━━━━━━━━━━━━━━━━━━━━━━━━━━━━━━━━━━━━━ 281/281 0:00:22 • 0:00:00 12.83it/s val_accuracy: 0.946 val_word_accuracy: 0.748  early_stopping: 1/10 0.94602
stage 17/∞ ━━━━━━━━━━━━━━━━━━━━━━━━━━━━━━━━━━━━━━━━ 281/281 0:00:22 • 0:00:00 12.88it/s val_accuracy: 0.948 val_word_accuracy: 0.751  early_stopping: 0/10 0.94799
stage 18/∞ ━━━━━━━━━━━━━━━━━━━━━━━━━━━━━━━━━━━━━━━━ 281/281 0:00:22 • 0:00:00 12.92it/s val_accuracy: 0.948 val_word_accuracy: 0.748  early_stopping: 1/10 0.94799
stage 19/∞ ━━━━━━━━━━━━━━━━━━━━━━━━━━━━━━━━━━━━━━━━ 281/281 0:00:22 • 0:00:00 13.01it/s val_accuracy: 0.95 val_word_accuracy: 0.761  early_stopping: 0/10 0.95011
stage 20/∞ ━━━━━━━━━━━━━━━━━━━━━━━━━━━━━━━━━━━━━━━━ 281/281 0:00:22 • 0:00:00 12.92it/s val_accuracy: 0.948 val_word_accuracy: 0.752  early_stopping: 1/10 0.95011
stage 21/∞ ━━━━━━━━━━━━━━━━━━━━━━━━━━━━━━━━━━━━━━━━ 281/281 0:00:22 • 0:00:00 12.95it/s val_accuracy: 0.951 val_word_accuracy: 0.765  early_stopping: 0/10 0.95067
stage 22/∞ ━━━━━━━━━━━━━━━━━━━━━━━━━━━━━━━━━━━━━━━━ 281/281 0:00:22 • 0:00:00 13.16it/s val_accuracy: 0.953 val_word_accuracy: 0.775  early_stopping: 0/10 0.95307
stage 23/∞ ━━━━━━━━━━━━━━━━━━━━━━━━━━━━━━━━━━━━━━━━ 281/281 0:00:22 • 0:00:00 12.89it/s val_accuracy: 0.953 val_word_accuracy: 0.773  early_stopping: 1/10 0.95307
stage 24/∞ ━━━━━━━━━━━━━━━━━━━━━━━━━━━━━━━━━━━━━━━━ 281/281 0:00:22 • 0:00:00 13.01it/s val_accuracy: 0.952 val_word_accuracy: 0.773  early_stopping: 2/10 0.95307
stage 25/∞ ━━━━━━━━━━━━━━━━━━━━━━━━━━━━━━━━━━━━━━━━ 281/281 0:00:22 • 0:00:00 12.87it/s val_accuracy: 0.953 val_word_accuracy: 0.774  early_stopping: 3/10 0.95307
stage 26/∞ ━━━━━━━━━━━━━━━━━━━━━━━━━━━━━━━━━━━━━━━━ 281/281 0:00:22 • 0:00:00 12.96it/s val_accuracy: 0.952 val_word_accuracy: 0.772  early_stopping: 4/10 0.95307
stage 27/∞ ━━━━━━━━━━━━━━━━━━━━━━━━━━━━━━━━━━━━━━━━ 281/281 0:00:22 • 0:00:00 12.89it/s val_accuracy: 0.954 val_word_accuracy: 0.781  early_stopping: 0/10 0.95405
stage 28/∞ ━━━━━━━━━━━━━━━━━━━━━━━━━━━━━━━━━━━━━━━━ 281/281 0:00:22 • 0:00:00 12.90it/s val_accuracy: 0.954 val_word_accuracy: 0.785  early_stopping: 0/10 0.95447
stage 29/∞ ━━━━━━━━━━━━━━━━━━━━━━━━━━━━━━━━━━━━━━━━ 281/281 0:00:22 • 0:00:00 12.95it/s val_accuracy: 0.957 val_word_accuracy: 0.791  early_stopping: 0/10 0.95673
stage 30/∞ ━━━━━━━━━━━━━━━━━━━━━━━━━━━━━━━━━━━━━━━━ 281/281 0:00:22 • 0:00:00 12.88it/s val_accuracy: 0.954 val_word_accuracy: 0.783  early_stopping: 1/10 0.95673
stage 31/∞ ━━━━━━━━━━━━━━━━━━━━━━━━━━━━━━━━━━━━━━━━ 281/281 0:00:22 • 0:00:00 12.88it/s val_accuracy: 0.956 val_word_accuracy: 0.787  early_stopping: 2/10 0.95673
stage 32/∞ ━━━━━━━━━━━━━━━━━━━━━━━━━━━━━━━━━━━━━━━━ 281/281 0:00:22 • 0:00:00 12.97it/s val_accuracy: 0.956 val_word_accuracy: 0.794  early_stopping: 3/10 0.95673
stage 33/∞ ━━━━━━━━━━━━━━━━━━━━━━━━━━━━━━━━━━━━━━━━ 281/281 0:00:22 • 0:00:00 12.77it/s val_accuracy: 0.955 val_word_accuracy: 0.783  early_stopping: 4/10 0.95673
stage 34/∞ ━━━━━━━━━━━━━━━━━━━━━━━━━━━━━━━━━━━━━━━━ 281/281 0:00:22 • 0:00:00 13.07it/s val_accuracy: 0.955 val_word_accuracy: 0.778  early_stopping: 5/10 0.95673
stage 35/∞ ━━━━━━━━━━━━━━━━━━━━━━━━━━━━━━━━━━━━━━━━ 281/281 0:00:22 • 0:00:00 13.12it/s val_accuracy: 0.954 val_word_accuracy: 0.783  early_stopping: 6/10 0.95673
stage 36/∞ ━━━━━━━━━━━━━━━━━━━━━━━━━━━━━━━━━━━━━━━━ 281/281 0:00:22 • 0:00:00 13.08it/s val_accuracy: 0.956 val_word_accuracy: 0.791  early_stopping: 7/10 0.95673
stage 37/∞ ━━━━━━━━━━━━━━━━━━━━━━━━━━━━━━━━━━━━━━━━ 281/281 0:00:22 • 0:00:00 12.95it/s val_accuracy: 0.955 val_word_accuracy: 0.788  early_stopping: 8/10 0.95673
stage 38/∞ ━━━━━━━━━━━━━━━━━━━━━━━━━━━━━━━━━━━━━━━━ 281/281 0:00:22 • 0:00:00 13.00it/s val_accuracy: 0.957 val_word_accuracy: 0.793  early_stopping: 0/10 0.95687
stage 39/∞ ━━━━━━━━━━━━━━━━━━━━━━━━━━━━━━━━━━━━━━━━ 281/281 0:00:22 • 0:00:00 13.01it/s val_accuracy: 0.955 val_word_accuracy: 0.792  early_stopping: 1/10 0.95687
stage 40/∞ ━━━━━━━━━━━━━━━━━━━━━━━━━━━━━━━━━━━━━━━━ 281/281 0:00:22 • 0:00:00 12.97it/s val_accuracy: 0.956 val_word_accuracy: 0.79  early_stopping: 2/10 0.95687
stage 41/∞ ━━━━━━━━━━━━━━━━━━━━━━━━━━━━━━━━━━━━━━━━ 281/281 0:00:22 • 0:00:00 12.83it/s val_accuracy: 0.956 val_word_accuracy: 0.788  early_stopping: 3/10 0.95687
stage 42/∞ ━━━━━━━━━━━━━━━━━━━━━━━━━━━━━━━━━━━━━━━━ 281/281 0:00:23 • 0:00:00 12.83it/s val_accuracy: 0.957 val_word_accuracy: 0.798  early_stopping: 4/10 0.95687
stage 43/∞ ━━━━━━━━━━━━━━━━━━━━━━━━━━━━━━━━━━━━━━━━ 281/281 0:00:22 • 0:00:00 12.96it/s val_accuracy: 0.956 val_word_accuracy: 0.788  early_stopping: 5/10 0.95687
stage 44/∞ ━━━━━━━━━━━━━━━━━━━━━━━━━━━━━━━━━━━━━━━━ 281/281 0:00:23 • 0:00:00 12.50it/s val_accuracy: 0.957 val_word_accuracy: 0.788  early_stopping: 6/10 0.95687
stage 45/∞ ━━━━━━━━━━━━━━━━━━━━━━━━━━━━━━━━━━━━━━━━ 281/281 0:00:23 • 0:00:00 12.55it/s val_accuracy: 0.959 val_word_accuracy: 0.798  early_stopping: 0/10 0.95870
stage 46/∞ ━━━━━━━━━━━━━━━━━━━━━━━━━━━━━━━━━━━━━━━━ 281/281 0:00:22 • 0:00:00 13.11it/s val_accuracy: 0.957 val_word_accuracy: 0.793  early_stopping: 1/10 0.95870
stage 47/∞ ━━━━━━━━━━━━━━━━━━━━━━━━━━━━━━━━━━━━━━━━ 281/281 0:00:22 • 0:00:00 12.97it/s val_accuracy: 0.959 val_word_accuracy: 0.8  early_stopping: 0/10 0.95884
stage 48/∞ ━━━━━━━━━━━━━━━━━━━━━━━━━━━━━━━━━━━━━━━━ 281/281 0:00:23 • 0:00:00 12.86it/s val_accuracy: 0.957 val_word_accuracy: 0.798  early_stopping: 1/10 0.95884
stage 49/∞ ━━━━━━━━━━━━━━━━━━━━━━━━━━━━━━━━━━━━━━━━ 281/281 0:00:22 • 0:00:00 12.95it/s val_accuracy: 0.958 val_word_accuracy: 0.792  early_stopping: 2/10 0.95884
stage 50/∞ ━━━━━━━━━━━━━━━━━━━━━━━━━━━━━━━━━━━━━━━━ 281/281 0:00:22 • 0:00:00 12.92it/s val_accuracy: 0.958 val_word_accuracy: 0.798  early_stopping: 3/10 0.95884
stage 51/∞ ━━━━━━━━━━━━━━━━━━━━━━━━━━━━━━━━━━━━━━━━ 281/281 0:00:22 • 0:00:00 13.04it/s val_accuracy: 0.959 val_word_accuracy: 0.8  early_stopping: 0/10 0.95927
stage 52/∞ ━━━━━━━━━━━━━━━━━━━━━━━━━━━━━━━━━━━━━━━━ 281/281 0:00:22 • 0:00:00 12.89it/s val_accuracy: 0.958 val_word_accuracy: 0.801  early_stopping: 1/10 0.95927
stage 53/∞ ━━━━━━━━━━━━━━━━━━━━━━━━━━━━━━━━━━━━━━━━ 281/281 0:00:22 • 0:00:00 13.14it/s val_accuracy: 0.958 val_word_accuracy: 0.798  early_stopping: 2/10 0.95927
stage 54/∞ ━━━━━━━━━━━━━━━━━━━━━━━━━━━━━━━━━━━━━━━━ 281/281 0:00:22 • 0:00:00 12.93it/s val_accuracy: 0.959 val_word_accuracy: 0.802  early_stopping: 3/10 0.95927
stage 55/∞ ━━━━━━━━━━━━━━━━━━━━━━━━━━━━━━━━━━━━━━━━ 281/281 0:00:22 • 0:00:00 12.97it/s val_accuracy: 0.959 val_word_accuracy: 0.802  early_stopping: 4/10 0.95927
stage 56/∞ ━━━━━━━━━━━━━━━━━━━━━━━━━━━━━━━━━━━━━━━━ 281/281 0:00:22 • 0:00:00 12.93it/s val_accuracy: 0.959 val_word_accuracy: 0.803  early_stopping: 5/10 0.95927
stage 57/∞ ━━━━━━━━━━━━━━━━━━━━━━━━━━━━━━━━━━━━━━━━ 281/281 0:00:22 • 0:00:00 12.95it/s val_accuracy: 0.959 val_word_accuracy: 0.808  early_stopping: 6/10 0.95927
stage 58/∞ ━━━━━━━━━━━━━━━━━━━━━━━━━━━━━━━━━━━━━━━━ 281/281 0:00:22 • 0:00:00 13.02it/s val_accuracy: 0.959 val_word_accuracy: 0.798  early_stopping: 7/10 0.95927
stage 59/∞ ━━━━━━━━━━━━━━━━━━━━━━━━━━━━━━━━━━━━━━━━ 281/281 0:00:22 • 0:00:00 13.10it/s val_accuracy: 0.96 val_word_accuracy: 0.805  early_stopping: 0/10 0.95997
stage 60/∞ ━━━━━━━━━━━━━━━━━━━━━━━━━━━━━━━━━━━━━━━━ 281/281 0:00:22 • 0:00:00 12.93it/s val_accuracy: 0.959 val_word_accuracy: 0.804  early_stopping: 1/10 0.95997
stage 61/∞ ━━━━━━━━━━━━━━━━━━━━━━━━━━━━━━━━━━━━━━━━ 281/281 0:00:22 • 0:00:00 13.01it/s val_accuracy: 0.959 val_word_accuracy: 0.81  early_stopping: 2/10 0.95997
stage 62/∞ ━━━━━━━━━━━━━━━━━━━━━━━━━━━━━━━━━━━━━━━━ 281/281 0:00:22 • 0:00:00 12.99it/s val_accuracy: 0.96 val_word_accuracy: 0.815  early_stopping: 3/10 0.95997
stage 63/∞ ━━━━━━━━━━━━━━━━━━━━━━━━━━━━━━━━━━━━━━━━ 281/281 0:00:22 • 0:00:00 12.91it/s val_accuracy: 0.962 val_word_accuracy: 0.813  early_stopping: 0/10 0.96166
stage 64/∞ ━━━━━━━━━━━━━━━━━━━━━━━━━━━━━━━━━━━━━━━━ 281/281 0:00:22 • 0:00:00 12.92it/s val_accuracy: 0.96 val_word_accuracy: 0.803  early_stopping: 1/10 0.96166
stage 65/∞ ━━━━━━━━━━━━━━━━━━━━━━━━━━━━━━━━━━━━━━━━ 281/281 0:00:22 • 0:00:00 12.88it/s val_accuracy: 0.959 val_word_accuracy: 0.801  early_stopping: 2/10 0.96166
stage 66/∞ ━━━━━━━━━━━━━━━━━━━━━━━━━━━━━━━━━━━━━━━━ 281/281 0:00:22 • 0:00:00 12.90it/s val_accuracy: 0.96 val_word_accuracy: 0.813  early_stopping: 3/10 0.96166
stage 67/∞ ━━━━━━━━━━━━━━━━━━━━━━━━━━━━━━━━━━━━━━━━ 281/281 0:00:22 • 0:00:00 12.79it/s val_accuracy: 0.96 val_word_accuracy: 0.812  early_stopping: 4/10 0.96166
stage 68/∞ ━━━━━━━━━━━━━━━━━━━━━━━━━━━━━━━━━━━━━━━━ 281/281 0:00:22 • 0:00:00 12.96it/s val_accuracy: 0.96 val_word_accuracy: 0.81  early_stopping: 5/10 0.96166
stage 69/∞ ━━━━━━━━━━━━━━━━━━━━━━━━━━━━━━━━━━━━━━━━ 281/281 0:00:22 • 0:00:00 12.95it/s val_accuracy: 0.961 val_word_accuracy: 0.815  early_stopping: 6/10 0.96166
stage 70/∞ ━━━━━━━━━━━━━━━━━━━━━━━━━━━━━━━━━━━━━━━━ 281/281 0:00:22 • 0:00:00 12.96it/s val_accuracy: 0.961 val_word_accuracy: 0.81  early_stopping: 7/10 0.96166
stage 71/∞ ━━━━━━━━━━━━━━━━━━━━━━━━━━━━━━━━━━━━━━━━ 281/281 0:00:22 • 0:00:00 12.95it/s val_accuracy: 0.962 val_word_accuracy: 0.814  early_stopping: 8/10 0.96166
stage 72/∞ ━━━━━━━━━━━━━━━━━━━━━━━━━━━━━━━━━━━━━━━━ 281/281 0:00:22 • 0:00:00 12.91it/s val_accuracy: 0.961 val_word_accuracy: 0.815  early_stopping: 9/10 0.96166
stage 73/∞ ━━━━━━━━━━━━━━━━━━━━━━━━━━━━━━━━━━━━━━━━ 281/281 0:00:22 • 0:00:00 13.05it/s val_accuracy: 0.96 val_word_accuracy: 0.81  early_stopping: 10/10 0.96166
Moving best model /home/ROCQ/almanach/achague/peraire/peraire-ground-truth/finetuned/peraireD_D_add_63.mlmodel (0.9616631269454956) to /home/ROCQ/almanach/achague/peraire/peraire-ground-truth/finetuned/peraireD_D_add_best.mlmodel
