┏━━━━┳━━━━━━━━━━━┳━━━━━━━━━━━━━━━━━━━━━━━━━━┳━━━━━━━━┳━━━━━━━━━━━━━━━━━━━━━━━━━━┳━━━━━━━━━━━━━━━━━━━━━━━━━━┓
┃    ┃ Name      ┃ Type                     ┃ Params ┃                 In sizes ┃                Out sizes ┃
┡━━━━╇━━━━━━━━━━━╇━━━━━━━━━━━━━━━━━━━━━━━━━━╇━━━━━━━━╇━━━━━━━━━━━━━━━━━━━━━━━━━━╇━━━━━━━━━━━━━━━━━━━━━━━━━━┩
│ 0  │ val_cer   │ _CharErrorRate           │      0 │                        ? │                        ? │
│ 1  │ val_wer   │ _WordErrorRate           │      0 │                        ? │                        ? │
│ 2  │ net       │ MultiParamSequential     │  4.0 M │  [[1, 1, 120, 400], '?'] │   [[1, 117, 1, 50], '?'] │
│ 3  │ net.C_0   │ ActConv2D                │  1.3 K │  [[1, 1, 120, 400], '?'] │ [[1, 32, 120, 400], '?'] │
│ 4  │ net.Do_1  │ Dropout                  │      0 │ [[1, 32, 120, 400], '?'] │ [[1, 32, 120, 400], '?'] │
│ 5  │ net.Mp_2  │ MaxPool                  │      0 │ [[1, 32, 120, 400], '?'] │  [[1, 32, 60, 200], '?'] │
│ 6  │ net.C_3   │ ActConv2D                │ 40.0 K │  [[1, 32, 60, 200], '?'] │  [[1, 32, 60, 200], '?'] │
│ 7  │ net.Do_4  │ Dropout                  │      0 │  [[1, 32, 60, 200], '?'] │  [[1, 32, 60, 200], '?'] │
│ 8  │ net.Mp_5  │ MaxPool                  │      0 │  [[1, 32, 60, 200], '?'] │  [[1, 32, 30, 100], '?'] │
│ 9  │ net.C_6   │ ActConv2D                │ 55.4 K │  [[1, 32, 30, 100], '?'] │  [[1, 64, 30, 100], '?'] │
│ 10 │ net.Do_7  │ Dropout                  │      0 │  [[1, 64, 30, 100], '?'] │  [[1, 64, 30, 100], '?'] │
│ 11 │ net.Mp_8  │ MaxPool                  │      0 │  [[1, 64, 30, 100], '?'] │   [[1, 64, 15, 50], '?'] │
│ 12 │ net.C_9   │ ActConv2D                │  110 K │   [[1, 64, 15, 50], '?'] │   [[1, 64, 15, 50], '?'] │
│ 13 │ net.Do_10 │ Dropout                  │      0 │   [[1, 64, 15, 50], '?'] │   [[1, 64, 15, 50], '?'] │
│ 14 │ net.S_11  │ Reshape                  │      0 │   [[1, 64, 15, 50], '?'] │   [[1, 960, 1, 50], '?'] │
│ 15 │ net.L_12  │ TransposedSummarizingRNN │  1.9 M │   [[1, 960, 1, 50], '?'] │   [[1, 400, 1, 50], '?'] │
│ 16 │ net.Do_13 │ Dropout                  │      0 │   [[1, 400, 1, 50], '?'] │   [[1, 400, 1, 50], '?'] │
│ 17 │ net.L_14  │ TransposedSummarizingRNN │  963 K │   [[1, 400, 1, 50], '?'] │   [[1, 400, 1, 50], '?'] │
│ 18 │ net.Do_15 │ Dropout                  │      0 │   [[1, 400, 1, 50], '?'] │   [[1, 400, 1, 50], '?'] │
│ 19 │ net.L_16  │ TransposedSummarizingRNN │  963 K │   [[1, 400, 1, 50], '?'] │   [[1, 400, 1, 50], '?'] │
│ 20 │ net.Do_17 │ Dropout                  │      0 │   [[1, 400, 1, 50], '?'] │   [[1, 400, 1, 50], '?'] │
│ 21 │ net.O_18  │ LinSoftmax               │ 46.9 K │   [[1, 400, 1, 50], '?'] │   [[1, 117, 1, 50], '?'] │
└────┴───────────┴──────────────────────────┴────────┴──────────────────────────┴──────────────────────────┘
Trainable params: 4.0 M                                                                                                                                                                                                                                                                    
Non-trainable params: 0                                                                                                                                                                                                                                                                    
Total params: 4.0 M                                                                                                                                                                                                                                                                        
Total estimated model params size (MB): 16                                                                                                                                                                                                                                                 
stage 0/∞ ━━━━━━━━━━━━━━━━━━━━━━━━━━━━━━━━━━━━━━━━ 281/281 0:00:23 • 0:00:00 12.92it/s val_accuracy: 0.0 val_word_accuracy: 0.0  early_stopping: 0/10 0.00000
stage 1/∞ ━━━━━━━━━━━━━━━━━━━━━━━━━━━━━━━━━━━━━━━━ 281/281 0:00:22 • 0:00:00 12.88it/s val_accuracy: 0.0 val_word_accuracy: 0.0  early_stopping: 1/10 0.00000
stage 2/∞ ━━━━━━━━━━━━━━━━━━━━━━━━━━━━━━━━━━━━━━━━ 281/281 0:00:23 • 0:00:00 12.42it/s val_accuracy: 0.0 val_word_accuracy: 0.0  early_stopping: 2/10 0.00000
stage 3/∞ ━━━━━━━━━━━━━━━━━━━━━━━━━━━━━━━━━━━━━━━━ 281/281 0:00:23 • 0:00:00 12.55it/s val_accuracy: 0.0 val_word_accuracy: 0.0  early_stopping: 3/10 0.00000
stage 4/∞ ━━━━━━━━━━━━━━━━━━━━━━━━━━━━━━━━━━━━━━━━ 281/281 0:00:24 • 0:00:00 12.50it/s val_accuracy: 0.0 val_word_accuracy: 0.0  early_stopping: 4/10 0.00000
stage 5/∞ ━━━━━━━━━━━━━━━━━━━━━━━━━━━━━━━━━━━━━━━━ 281/281 0:00:23 • 0:00:00 12.55it/s val_accuracy: 0.0 val_word_accuracy: 0.0  early_stopping: 5/10 0.00000
stage 6/∞ ━━━━━━━━━━━━━━━━━━━━━━━━━━━━━━━━━━━━━━━━ 281/281 0:00:23 • 0:00:00 12.51it/s val_accuracy: 0.0 val_word_accuracy: 0.0  early_stopping: 6/10 0.00000
stage 7/∞ ━━━━━━━━━━━━━━━━━━━━━━━━━━━━━━━━━━━━━━━━ 281/281 0:00:23 • 0:00:00 12.60it/s val_accuracy: 0.0 val_word_accuracy: 0.0  early_stopping: 7/10 0.00000
stage 8/∞ ━━━━━━━━━━━━━━━━━━━━━━━━━━━━━━━━━━━━━━━━ 281/281 0:00:22 • 0:00:00 12.71it/s val_accuracy: 0.0 val_word_accuracy: 0.0  early_stopping: 8/10 0.00000
stage 9/∞ ━━━━━━━━━━━━━━━━━━━━━━━━━━━━━━━━━━━━━━━━ 281/281 0:00:23 • 0:00:00 12.65it/s val_accuracy: 0.0 val_word_accuracy: 0.0  early_stopping: 9/10 0.00000
stage 10/∞ ━━━━━━━━━━━━━━━━━━━━━━━━━━━━━━━━━━━━━━━━ 281/281 0:00:23 • 0:00:00 12.62it/s val_accuracy: 0.0 val_word_accuracy: 0.0  early_stopping: 10/10 0.00000
stage 11/∞ ━━━━━━━━━━━━━━━━━━━━━━━━━━━━━━━━━━━━━━━━ 281/281 0:00:23 • 0:00:00 12.55it/s val_accuracy: 0.0 val_word_accuracy: 0.0  early_stopping: 11/10 0.00000
stage 12/∞ ━━━━━━━━━━━━━━━━━━━━━━━━━━━━━━━━━━━━━━━━ 281/281 0:00:23 • 0:00:00 12.67it/s val_accuracy: 0.0 val_word_accuracy: 0.0  early_stopping: 12/10 0.00000
stage 13/∞ ━━━━━━━━━━━━━━━━━━━━━━━━━━━━━━━━━━━━━━━━ 281/281 0:00:23 • 0:00:00 12.61it/s val_accuracy: 0.113 val_word_accuracy: 0.0  early_stopping: 0/10 0.11282
stage 14/∞ ━━━━━━━━━━━━━━━━━━━━━━━━━━━━━━━━━━━━━━━━ 281/281 0:00:23 • 0:00:00 12.73it/s val_accuracy: 0.133 val_word_accuracy: 0.0  early_stopping: 0/10 0.13282
Moving best model /home/ROCQ/almanach/achague/peraire/peraire-ground-truth/scratch/peraire_BD_scratch_14.mlmodel (0.1328219175338745) to /home/ROCQ/almanach/achague/peraire/peraire-ground-truth/scratch/peraire_BD_scratch_best.mlmodel
