┏━━━━┳━━━━━━━━━━━┳━━━━━━━━━━━━━━━━━━━━━━━━━━┳━━━━━━━━┳━━━━━━━━━━━━━━━━━━━━━━━━━━┳━━━━━━━━━━━━━━━━━━━━━━━━━━┓
┃    ┃ Name      ┃ Type                     ┃ Params ┃                 In sizes ┃                Out sizes ┃
┡━━━━╇━━━━━━━━━━━╇━━━━━━━━━━━━━━━━━━━━━━━━━━╇━━━━━━━━╇━━━━━━━━━━━━━━━━━━━━━━━━━━╇━━━━━━━━━━━━━━━━━━━━━━━━━━┩
│ 0  │ val_cer   │ CharErrorRate            │      0 │                        ? │                        ? │
│ 1  │ net       │ MultiParamSequential     │  4.0 M │  [[1, 1, 120, 400], '?'] │   [[1, 117, 1, 50], '?'] │
│ 2  │ net.C_0   │ ActConv2D                │  1.3 K │  [[1, 1, 120, 400], '?'] │ [[1, 32, 120, 400], '?'] │
│ 3  │ net.Do_1  │ Dropout                  │      0 │ [[1, 32, 120, 400], '?'] │ [[1, 32, 120, 400], '?'] │
│ 4  │ net.Mp_2  │ MaxPool                  │      0 │ [[1, 32, 120, 400], '?'] │  [[1, 32, 60, 200], '?'] │
│ 5  │ net.C_3   │ ActConv2D                │ 40.0 K │  [[1, 32, 60, 200], '?'] │  [[1, 32, 60, 200], '?'] │
│ 6  │ net.Do_4  │ Dropout                  │      0 │  [[1, 32, 60, 200], '?'] │  [[1, 32, 60, 200], '?'] │
│ 7  │ net.Mp_5  │ MaxPool                  │      0 │  [[1, 32, 60, 200], '?'] │  [[1, 32, 30, 100], '?'] │
│ 8  │ net.C_6   │ ActConv2D                │ 55.4 K │  [[1, 32, 30, 100], '?'] │  [[1, 64, 30, 100], '?'] │
│ 9  │ net.Do_7  │ Dropout                  │      0 │  [[1, 64, 30, 100], '?'] │  [[1, 64, 30, 100], '?'] │
│ 10 │ net.Mp_8  │ MaxPool                  │      0 │  [[1, 64, 30, 100], '?'] │   [[1, 64, 15, 50], '?'] │
│ 11 │ net.C_9   │ ActConv2D                │  110 K │   [[1, 64, 15, 50], '?'] │   [[1, 64, 15, 50], '?'] │
│ 12 │ net.Do_10 │ Dropout                  │      0 │   [[1, 64, 15, 50], '?'] │   [[1, 64, 15, 50], '?'] │
│ 13 │ net.S_11  │ Reshape                  │      0 │   [[1, 64, 15, 50], '?'] │   [[1, 960, 1, 50], '?'] │
│ 14 │ net.L_12  │ TransposedSummarizingRNN │  1.9 M │   [[1, 960, 1, 50], '?'] │   [[1, 400, 1, 50], '?'] │
│ 15 │ net.Do_13 │ Dropout                  │      0 │   [[1, 400, 1, 50], '?'] │   [[1, 400, 1, 50], '?'] │
│ 16 │ net.L_14  │ TransposedSummarizingRNN │  963 K │   [[1, 400, 1, 50], '?'] │   [[1, 400, 1, 50], '?'] │
│ 17 │ net.Do_15 │ Dropout                  │      0 │   [[1, 400, 1, 50], '?'] │   [[1, 400, 1, 50], '?'] │
│ 18 │ net.L_16  │ TransposedSummarizingRNN │  963 K │   [[1, 400, 1, 50], '?'] │   [[1, 400, 1, 50], '?'] │
│ 19 │ net.Do_17 │ Dropout                  │      0 │   [[1, 400, 1, 50], '?'] │   [[1, 400, 1, 50], '?'] │
│ 20 │ net.O_18  │ LinSoftmax               │ 46.9 K │   [[1, 400, 1, 50], '?'] │   [[1, 117, 1, 50], '?'] │
└────┴───────────┴──────────────────────────┴────────┴──────────────────────────┴──────────────────────────┘
Trainable params: 4.0 M                                                                                                                                                                                                                                                                 
Non-trainable params: 0                                                                                                                                                                                                                                                                 
Total params: 4.0 M                                                                                                                                                                                                                                                                     
Total estimated model params size (MB): 16                                                                                                                                                                                                                                              
stage 0/∞  ━━━━━━━━━━━━━━━━━━━━━━━━━━━━━━━━━━━━━━━━ 313/313 0:00:00 0:00:25 val_accuracy: 0.87184  early_stopping: 0/10 0.87184
stage 1/∞  ━━━━━━━━━━━━━━━━━━━━━━━━━━━━━━━━━━━━━━━━ 313/313 0:00:00 0:00:26 val_accuracy: 0.87122  early_stopping: 1/10 0.87184
stage 2/∞  ━━━━━━━━━━━━━━━━━━━━━━━━━━━━━━━━━━━━━━━━ 313/313 0:00:00 0:00:25 val_accuracy: 0.87906  early_stopping: 0/10 0.87906
stage 3/∞  ━━━━━━━━━━━━━━━━━━━━━━━━━━━━━━━━━━━━━━━━ 313/313 0:00:00 0:00:25 val_accuracy: 0.90494  early_stopping: 0/10 0.90494
stage 4/∞  ━━━━━━━━━━━━━━━━━━━━━━━━━━━━━━━━━━━━━━━━ 313/313 0:00:00 0:00:25 val_accuracy: 0.90353  early_stopping: 1/10 0.90494
stage 5/∞  ━━━━━━━━━━━━━━━━━━━━━━━━━━━━━━━━━━━━━━━━ 313/313 0:00:00 0:00:25 val_accuracy: 0.91655  early_stopping: 0/10 0.91655
stage 6/∞  ━━━━━━━━━━━━━━━━━━━━━━━━━━━━━━━━━━━━━━━━ 313/313 0:00:00 0:00:25 val_accuracy: 0.92329  early_stopping: 0/10 0.92329
stage 7/∞  ━━━━━━━━━━━━━━━━━━━━━━━━━━━━━━━━━━━━━━━━ 313/313 0:00:00 0:00:25 val_accuracy: 0.88220  early_stopping: 1/10 0.92329
stage 8/∞  ━━━━━━━━━━━━━━━━━━━━━━━━━━━━━━━━━━━━━━━━ 313/313 0:00:00 0:00:26 val_accuracy: 0.89725  early_stopping: 2/10 0.92329
stage 9/∞  ━━━━━━━━━━━━━━━━━━━━━━━━━━━━━━━━━━━━━━━━ 313/313 0:00:00 0:00:26 val_accuracy: 0.91122  early_stopping: 3/10 0.92329
stage 10/∞ ━━━━━━━━━━━━━━━━━━━━━━━━━━━━━━━━━━━━━━━━ 313/313 0:00:00 0:00:26 val_accuracy: 0.92816  early_stopping: 0/10 0.92816
stage 11/∞ ━━━━━━━━━━━━━━━━━━━━━━━━━━━━━━━━━━━━━━━━ 313/313 0:00:00 0:00:26 val_accuracy: 0.93349  early_stopping: 0/10 0.93349
stage 12/∞ ━━━━━━━━━━━━━━━━━━━━━━━━━━━━━━━━━━━━━━━━ 313/313 0:00:00 0:00:25 val_accuracy: 0.92016  early_stopping: 1/10 0.93349
stage 13/∞ ━━━━━━━━━━━━━━━━━━━━━━━━━━━━━━━━━━━━━━━━ 313/313 0:00:00 0:00:25 val_accuracy: 0.90761  early_stopping: 2/10 0.93349
stage 14/∞ ━━━━━━━━━━━━━━━━━━━━━━━━━━━━━━━━━━━━━━━━ 313/313 0:00:00 0:00:26 val_accuracy: 0.93725  early_stopping: 0/10 0.93725
stage 15/∞ ━━━━━━━━━━━━━━━━━━━━━━━━━━━━━━━━━━━━━━━━ 313/313 0:00:00 0:00:26 val_accuracy: 0.91655  early_stopping: 1/10 0.93725
stage 16/∞ ━━━━━━━━━━━━━━━━━━━━━━━━━━━━━━━━━━━━━━━━ 313/313 0:00:00 0:00:25 val_accuracy: 0.90839  early_stopping: 2/10 0.93725
stage 17/∞ ━━━━━━━━━━━━━━━━━━━━━━━━━━━━━━━━━━━━━━━━ 313/313 0:00:00 0:00:26 val_accuracy: 0.93412  early_stopping: 3/10 0.93725
stage 18/∞ ━━━━━━━━━━━━━━━━━━━━━━━━━━━━━━━━━━━━━━━━ 313/313 0:00:00 0:00:25 val_accuracy: 0.91545  early_stopping: 4/10 0.93725
stage 19/∞ ━━━━━━━━━━━━━━━━━━━━━━━━━━━━━━━━━━━━━━━━ 313/313 0:00:00 0:00:25 val_accuracy: 0.91294  early_stopping: 5/10 0.93725
stage 20/∞ ━━━━━━━━━━━━━━━━━━━━━━━━━━━━━━━━━━━━━━━━ 313/313 0:00:00 0:00:25 val_accuracy: 0.91467  early_stopping: 6/10 0.93725
stage 21/∞ ━━━━━━━━━━━━━━━━━━━━━━━━━━━━━━━━━━━━━━━━ 313/313 0:00:00 0:00:25 val_accuracy: 0.90855  early_stopping: 7/10 0.93725
stage 22/∞ ━━━━━━━━━━━━━━━━━━━━━━━━━━━━━━━━━━━━━━━━ 313/313 0:00:00 0:00:25 val_accuracy: 0.92251  early_stopping: 8/10 0.93725
stage 23/∞ ━━━━━━━━━━━━━━━━━━━━━━━━━━━━━━━━━━━━━━━━ 313/313 0:00:00 0:00:26 val_accuracy: 0.92329  early_stopping: 9/10 0.93725
stage 24/∞ ━━━━━━━━━━━━━━━━━━━━━━━━━━━━━━━━━━━━━━━━ 313/313 0:00:00 0:00:26 val_accuracy: 0.93898  early_stopping: 0/10 0.93898
stage 25/∞ ━━━━━━━━━━━━━━━━━━━━━━━━━━━━━━━━━━━━━━━━ 313/313 0:00:00 0:00:26 val_accuracy: 0.94729  early_stopping: 0/10 0.94729
stage 26/∞ ━━━━━━━━━━━━━━━━━━━━━━━━━━━━━━━━━━━━━━━━ 313/313 0:00:00 0:00:26 val_accuracy: 0.94259  early_stopping: 1/10 0.94729
stage 27/∞ ━━━━━━━━━━━━━━━━━━━━━━━━━━━━━━━━━━━━━━━━ 313/313 0:00:00 0:00:26 val_accuracy: 0.92518  early_stopping: 2/10 0.94729
stage 28/∞ ━━━━━━━━━━━━━━━━━━━━━━━━━━━━━━━━━━━━━━━━ 313/313 0:00:00 0:00:25 val_accuracy: 0.92941  early_stopping: 3/10 0.94729
stage 29/∞ ━━━━━━━━━━━━━━━━━━━━━━━━━━━━━━━━━━━━━━━━ 313/313 0:00:00 0:00:26 val_accuracy: 0.92329  early_stopping: 4/10 0.94729
stage 30/∞ ━━━━━━━━━━━━━━━━━━━━━━━━━━━━━━━━━━━━━━━━ 313/313 0:00:00 0:00:25 val_accuracy: 0.93443  early_stopping: 5/10 0.94729
stage 31/∞ ━━━━━━━━━━━━━━━━━━━━━━━━━━━━━━━━━━━━━━━━ 313/313 0:00:00 0:00:25 val_accuracy: 0.92659  early_stopping: 6/10 0.94729
stage 32/∞ ━━━━━━━━━━━━━━━━━━━━━━━━━━━━━━━━━━━━━━━━ 313/313 0:00:00 0:00:25 val_accuracy: 0.93239  early_stopping: 7/10 0.94729
stage 33/∞ ━━━━━━━━━━━━━━━━━━━━━━━━━━━━━━━━━━━━━━━━ 313/313 0:00:00 0:00:25 val_accuracy: 0.95435  early_stopping: 0/10 0.95435
stage 34/∞ ━━━━━━━━━━━━━━━━━━━━━━━━━━━━━━━━━━━━━━━━ 313/313 0:00:00 0:00:26 val_accuracy: 0.93067  early_stopping: 1/10 0.95435
stage 35/∞ ━━━━━━━━━━━━━━━━━━━━━━━━━━━━━━━━━━━━━━━━ 313/313 0:00:00 0:00:25 val_accuracy: 0.94290  early_stopping: 2/10 0.95435
stage 36/∞ ━━━━━━━━━━━━━━━━━━━━━━━━━━━━━━━━━━━━━━━━ 313/313 0:00:00 0:00:26 val_accuracy: 0.93522  early_stopping: 3/10 0.95435
stage 37/∞ ━━━━━━━━━━━━━━━━━━━━━━━━━━━━━━━━━━━━━━━━ 313/313 0:00:00 0:00:25 val_accuracy: 0.94165  early_stopping: 4/10 0.95435
stage 38/∞ ━━━━━━━━━━━━━━━━━━━━━━━━━━━━━━━━━━━━━━━━ 313/313 0:00:00 0:00:26 val_accuracy: 0.92988  early_stopping: 5/10 0.95435
stage 39/∞ ━━━━━━━━━━━━━━━━━━━━━━━━━━━━━━━━━━━━━━━━ 313/313 0:00:00 0:00:25 val_accuracy: 0.95263  early_stopping: 6/10 0.95435
stage 40/∞ ━━━━━━━━━━━━━━━━━━━━━━━━━━━━━━━━━━━━━━━━ 313/313 0:00:00 0:00:25 val_accuracy: 0.94463  early_stopping: 7/10 0.95435
stage 41/∞ ━━━━━━━━━━━━━━━━━━━━━━━━━━━━━━━━━━━━━━━━ 313/313 0:00:00 0:00:25 val_accuracy: 0.93537  early_stopping: 8/10 0.95435
stage 42/∞ ━━━━━━━━━━━━━━━━━━━━━━━━━━━━━━━━━━━━━━━━ 313/313 0:00:00 0:00:25 val_accuracy: 0.92533  early_stopping: 9/10 0.95435
stage 43/∞ ━━━━━━━━━━━━━━━━━━━━━━━━━━━━━━━━━━━━━━━━ 313/313 0:00:00 0:00:25 val_accuracy: 0.90808  early_stopping: 10/10 0.95435
Moving best model /home/ROCQ/almanach/achague/peraire/peraire-ground-truth/models/peraireD_ft_MMCFR_33.mlmodel (0.9543529152870178) to /home/ROCQ/almanach/achague/peraire/peraire-ground-truth/models/peraireD_ft_MMCFR_best.mlmodel
