┏━━━━┳━━━━━━━━━━━┳━━━━━━━━━━━━━━━━━━━━━━━━━━┳━━━━━━━━┳━━━━━━━━━━━━━━━━━━━━━━━━━━┳━━━━━━━━━━━━━━━━━━━━━━━━━━┓
┃    ┃ Name      ┃ Type                     ┃ Params ┃                 In sizes ┃                Out sizes ┃
┡━━━━╇━━━━━━━━━━━╇━━━━━━━━━━━━━━━━━━━━━━━━━━╇━━━━━━━━╇━━━━━━━━━━━━━━━━━━━━━━━━━━╇━━━━━━━━━━━━━━━━━━━━━━━━━━┩
│ 0  │ val_cer   │ CharErrorRate            │      0 │                        ? │                        ? │
│ 1  │ net       │ MultiParamSequential     │  4.0 M │  [[1, 1, 120, 400], '?'] │   [[1, 102, 1, 50], '?'] │
│ 2  │ net.C_0   │ ActConv2D                │  1.3 K │  [[1, 1, 120, 400], '?'] │ [[1, 32, 120, 400], '?'] │
│ 3  │ net.Do_1  │ Dropout                  │      0 │ [[1, 32, 120, 400], '?'] │ [[1, 32, 120, 400], '?'] │
│ 4  │ net.Mp_2  │ MaxPool                  │      0 │ [[1, 32, 120, 400], '?'] │  [[1, 32, 60, 200], '?'] │
│ 5  │ net.C_3   │ ActConv2D                │ 40.0 K │  [[1, 32, 60, 200], '?'] │  [[1, 32, 60, 200], '?'] │
│ 6  │ net.Do_4  │ Dropout                  │      0 │  [[1, 32, 60, 200], '?'] │  [[1, 32, 60, 200], '?'] │
│ 7  │ net.Mp_5  │ MaxPool                  │      0 │  [[1, 32, 60, 200], '?'] │  [[1, 32, 30, 100], '?'] │
│ 8  │ net.C_6   │ ActConv2D                │ 55.4 K │  [[1, 32, 30, 100], '?'] │  [[1, 64, 30, 100], '?'] │
│ 9  │ net.Do_7  │ Dropout                  │      0 │  [[1, 64, 30, 100], '?'] │  [[1, 64, 30, 100], '?'] │
│ 10 │ net.Mp_8  │ MaxPool                  │      0 │  [[1, 64, 30, 100], '?'] │   [[1, 64, 15, 50], '?'] │
│ 11 │ net.C_9   │ ActConv2D                │  110 K │   [[1, 64, 15, 50], '?'] │   [[1, 64, 15, 50], '?'] │
│ 12 │ net.Do_10 │ Dropout                  │      0 │   [[1, 64, 15, 50], '?'] │   [[1, 64, 15, 50], '?'] │
│ 13 │ net.S_11  │ Reshape                  │      0 │   [[1, 64, 15, 50], '?'] │   [[1, 960, 1, 50], '?'] │
│ 14 │ net.L_12  │ TransposedSummarizingRNN │  1.9 M │   [[1, 960, 1, 50], '?'] │   [[1, 400, 1, 50], '?'] │
│ 15 │ net.Do_13 │ Dropout                  │      0 │   [[1, 400, 1, 50], '?'] │   [[1, 400, 1, 50], '?'] │
│ 16 │ net.L_14  │ TransposedSummarizingRNN │  963 K │   [[1, 400, 1, 50], '?'] │   [[1, 400, 1, 50], '?'] │
│ 17 │ net.Do_15 │ Dropout                  │      0 │   [[1, 400, 1, 50], '?'] │   [[1, 400, 1, 50], '?'] │
│ 18 │ net.L_16  │ TransposedSummarizingRNN │  963 K │   [[1, 400, 1, 50], '?'] │   [[1, 400, 1, 50], '?'] │
│ 19 │ net.Do_17 │ Dropout                  │      0 │   [[1, 400, 1, 50], '?'] │   [[1, 400, 1, 50], '?'] │
│ 20 │ net.O_18  │ LinSoftmax               │ 40.9 K │   [[1, 400, 1, 50], '?'] │   [[1, 102, 1, 50], '?'] │
└────┴───────────┴──────────────────────────┴────────┴──────────────────────────┴──────────────────────────┘
Trainable params: 4.0 M                                                                                                                                                                                                                                                                 
Non-trainable params: 0                                                                                                                                                                                                                                                                 
Total params: 4.0 M                                                                                                                                                                                                                                                                     
Total estimated model params size (MB): 16                                                                                                                                                                                                                                              
stage 0/∞  ━━━━━━━━━━━━━━━━━━━━━━━━━━━━━━━━━━━━━━━━ 257/257 0:00:00 0:00:17 val_accuracy: 0.84189  early_stopping: 0/10 0.84189
stage 1/∞  ━━━━━━━━━━━━━━━━━━━━━━━━━━━━━━━━━━━━━━━━ 257/257 0:00:00 0:00:16 val_accuracy: 0.86503  early_stopping: 0/10 0.86503
stage 2/∞  ━━━━━━━━━━━━━━━━━━━━━━━━━━━━━━━━━━━━━━━━ 257/257 0:00:00 0:00:17 val_accuracy: 0.85900  early_stopping: 1/10 0.86503
stage 3/∞  ━━━━━━━━━━━━━━━━━━━━━━━━━━━━━━━━━━━━━━━━ 257/257 0:00:00 0:00:17 val_accuracy: 0.83225  early_stopping: 2/10 0.86503
stage 4/∞  ━━━━━━━━━━━━━━━━━━━━━━━━━━━━━━━━━━━━━━━━ 257/257 0:00:00 0:00:17 val_accuracy: 0.84189  early_stopping: 3/10 0.86503
stage 5/∞  ━━━━━━━━━━━━━━━━━━━━━━━━━━━━━━━━━━━━━━━━ 257/257 0:00:00 0:00:17 val_accuracy: 0.86430  early_stopping: 4/10 0.86503
stage 6/∞  ━━━━━━━━━━━━━━━━━━━━━━━━━━━━━━━━━━━━━━━━ 257/257 0:00:00 0:00:17 val_accuracy: 0.89275  early_stopping: 0/10 0.89275
stage 7/∞  ━━━━━━━━━━━━━━━━━━━━━━━━━━━━━━━━━━━━━━━━ 257/257 0:00:00 0:00:17 val_accuracy: 0.85900  early_stopping: 1/10 0.89275
stage 8/∞  ━━━━━━━━━━━━━━━━━━━━━━━━━━━━━━━━━━━━━━━━ 257/257 0:00:00 0:00:17 val_accuracy: 0.88551  early_stopping: 2/10 0.89275
stage 9/∞  ━━━━━━━━━━━━━━━━━━━━━━━━━━━━━━━━━━━━━━━━ 257/257 0:00:00 0:00:17 val_accuracy: 0.87539  early_stopping: 3/10 0.89275
stage 10/∞ ━━━━━━━━━━━━━━━━━━━━━━━━━━━━━━━━━━━━━━━━ 257/257 0:00:00 0:00:17 val_accuracy: 0.85852  early_stopping: 4/10 0.89275
stage 11/∞ ━━━━━━━━━━━━━━━━━━━━━━━━━━━━━━━━━━━━━━━━ 257/257 0:00:00 0:00:17 val_accuracy: 0.88286  early_stopping: 5/10 0.89275
stage 12/∞ ━━━━━━━━━━━━━━━━━━━━━━━━━━━━━━━━━━━━━━━━ 257/257 0:00:00 0:00:17 val_accuracy: 0.89588  early_stopping: 0/10 0.89588
stage 13/∞ ━━━━━━━━━━━━━━━━━━━━━━━━━━━━━━━━━━━━━━━━ 257/257 0:00:00 0:00:17 val_accuracy: 0.87033  early_stopping: 1/10 0.89588
stage 14/∞ ━━━━━━━━━━━━━━━━━━━━━━━━━━━━━━━━━━━━━━━━ 257/257 0:00:00 0:00:17 val_accuracy: 0.89058  early_stopping: 2/10 0.89588
stage 15/∞ ━━━━━━━━━━━━━━━━━━━━━━━━━━━━━━━━━━━━━━━━ 257/257 0:00:00 0:00:17 val_accuracy: 0.89467  early_stopping: 3/10 0.89588
stage 16/∞ ━━━━━━━━━━━━━━━━━━━━━━━━━━━━━━━━━━━━━━━━ 257/257 0:00:00 0:00:17 val_accuracy: 0.87684  early_stopping: 4/10 0.89588
stage 17/∞ ━━━━━━━━━━━━━━━━━━━━━━━━━━━━━━━━━━━━━━━━ 257/257 0:00:00 0:00:17 val_accuracy: 0.89998  early_stopping: 0/10 0.89998
stage 18/∞ ━━━━━━━━━━━━━━━━━━━━━━━━━━━━━━━━━━━━━━━━ 257/257 0:00:00 0:00:17 val_accuracy: 0.90697  early_stopping: 0/10 0.90697
stage 19/∞ ━━━━━━━━━━━━━━━━━━━━━━━━━━━━━━━━━━━━━━━━ 257/257 0:00:00 0:00:17 val_accuracy: 0.88407  early_stopping: 1/10 0.90697
stage 20/∞ ━━━━━━━━━━━━━━━━━━━━━━━━━━━━━━━━━━━━━━━━ 257/257 0:00:00 0:00:17 val_accuracy: 0.87660  early_stopping: 2/10 0.90697
stage 21/∞ ━━━━━━━━━━━━━━━━━━━━━━━━━━━━━━━━━━━━━━━━ 257/257 0:00:00 0:00:17 val_accuracy: 0.89034  early_stopping: 3/10 0.90697
stage 22/∞ ━━━━━━━━━━━━━━━━━━━━━━━━━━━━━━━━━━━━━━━━ 257/257 0:00:00 0:00:17 val_accuracy: 0.90046  early_stopping: 4/10 0.90697
stage 23/∞ ━━━━━━━━━━━━━━━━━━━━━━━━━━━━━━━━━━━━━━━━ 257/257 0:00:00 0:00:17 val_accuracy: 0.86961  early_stopping: 5/10 0.90697
stage 24/∞ ━━━━━━━━━━━━━━━━━━━━━━━━━━━━━━━━━━━━━━━━ 257/257 0:00:00 0:00:17 val_accuracy: 0.91661  early_stopping: 0/10 0.91661
stage 25/∞ ━━━━━━━━━━━━━━━━━━━━━━━━━━━━━━━━━━━━━━━━ 257/257 0:00:00 0:00:17 val_accuracy: 0.91275  early_stopping: 1/10 0.91661
stage 26/∞ ━━━━━━━━━━━━━━━━━━━━━━━━━━━━━━━━━━━━━━━━ 257/257 0:00:00 0:00:17 val_accuracy: 0.91347  early_stopping: 2/10 0.91661
stage 27/∞ ━━━━━━━━━━━━━━━━━━━━━━━━━━━━━━━━━━━━━━━━ 257/257 0:00:00 0:00:17 val_accuracy: 0.91685  early_stopping: 0/10 0.91685
stage 28/∞ ━━━━━━━━━━━━━━━━━━━━━━━━━━━━━━━━━━━━━━━━ 257/257 0:00:00 0:00:16 val_accuracy: 0.91203  early_stopping: 1/10 0.91685
stage 29/∞ ━━━━━━━━━━━━━━━━━━━━━━━━━━━━━━━━━━━━━━━━ 257/257 0:00:00 0:00:17 val_accuracy: 0.91130  early_stopping: 2/10 0.91685
stage 30/∞ ━━━━━━━━━━━━━━━━━━━━━━━━━━━━━━━━━━━━━━━━ 257/257 0:00:00 0:00:17 val_accuracy: 0.90359  early_stopping: 3/10 0.91685
stage 31/∞ ━━━━━━━━━━━━━━━━━━━━━━━━━━━━━━━━━━━━━━━━ 257/257 0:00:00 0:00:17 val_accuracy: 0.88961  early_stopping: 4/10 0.91685
stage 32/∞ ━━━━━━━━━━━━━━━━━━━━━━━━━━━━━━━━━━━━━━━━ 257/257 0:00:00 0:00:17 val_accuracy: 0.90986  early_stopping: 5/10 0.91685
stage 33/∞ ━━━━━━━━━━━━━━━━━━━━━━━━━━━━━━━━━━━━━━━━ 257/257 0:00:00 0:00:17 val_accuracy: 0.90793  early_stopping: 6/10 0.91685
stage 34/∞ ━━━━━━━━━━━━━━━━━━━━━━━━━━━━━━━━━━━━━━━━ 257/257 0:00:00 0:00:16 val_accuracy: 0.90239  early_stopping: 7/10 0.91685
stage 35/∞ ━━━━━━━━━━━━━━━━━━━━━━━━━━━━━━━━━━━━━━━━ 257/257 0:00:00 0:00:17 val_accuracy: 0.88792  early_stopping: 8/10 0.91685
stage 36/∞ ━━━━━━━━━━━━━━━━━━━━━━━━━━━━━━━━━━━━━━━━ 257/257 0:00:00 0:00:17 val_accuracy: 0.91179  early_stopping: 9/10 0.91685
stage 37/∞ ━━━━━━━━━━━━━━━━━━━━━━━━━━━━━━━━━━━━━━━━ 257/257 0:00:00 0:00:17 val_accuracy: 0.90721  early_stopping: 10/10 0.91685
Moving best model /home/ROCQ/almanach/achague/peraire/peraire-ground-truth/models/peraireB_ft_MMCFR_27.mlmodel (0.9168474078178406) to /home/ROCQ/almanach/achague/peraire/peraire-ground-truth/models/peraireB_ft_MMCFR_best.mlmodel
